===== ../content/playground/destructive-demo.md =====
intro:
  prose "This runbook exists to show the acknowledgement gate. If you can read this without a dialog first, something is wrong."
step: "Confirm the target" section=false
  prose "Check you are pointing at the replica you meant to rebuild."
  code lang="bash" label="Check the target" body="mysql -h db-replica -e \"SELECT @@hostname, @@read_only;\""
step: "Rebuild the replica" section=false
  prose "The destructive step, reached only after the acknowledgement."
  code lang="bash" label="Rebuild" body="mysql -h db-replica -e \"STOP REPLICA; RESET REPLICA ALL;\""
===== ../content/playground/gallery.md =====
intro:
  prose "This opening paragraph is intro prose before the first step. It can carry **bold**, *italic*, `inline code`, and a [link](https://example.com) — all inline-markdown forms."
step: "Prose, lists and tables" section=false
  prose "A step body can hold plain prose, bullet lists and tables. The prose here is deliberately long enough to wrap a few lines, so line-height and measure are visible."
  list ordered=false
    item "First bullet — plain text."
    item "Second bullet with `inline code` and a **bold** run."
    item "Third bullet — a longer one that wraps onto a second line so spacing between items is visible."
    item "A bullet that contains a nested list:"
    child ordered=false
      item "Nested bullet one."
      item "Nested bullet two with `inline code`."
  table headers=["Column" "Meaning" "Example"]
    row ["`HOST`" "Target host" "`db-2.prod.internal`"]
    row ["`PROCESSLIST_ID`" "Blocked worker" "`4123`"]
    row ["Status" "Whether a step is done" "`done` / `pending`"]
  heading "A subheading inside a step"
  prose "Subheadings split a long step without starting a new numbered card, as above."
step: "Code blocks" section=false
  prose "Code blocks take a language and an optional bracketed label; the label renders a header with a per-block done checkbox. Variables substituted from the panel are highlighted."
  code lang="bash" label="Promote the replica" body="export HOST=\"{{HOST}}\"\nmysql -h \"$HOST\" -e \"STOP SLAVE; RESET SLAVE ALL;\""
  code lang="sql" label="Inspect the worker" body="SELECT id, time, state FROM information_schema.processlist WHERE id = {{PROCESSLIST_ID}};"
  code lang="text" label="A label-less fence" body="Any lower-case language tag is accepted; this fence has no bracketed label."
  code lang="bash" label="Uses the secret" body="curl -H \"Authorization: Bearer {{API_TOKEN}}\" \"https://{{HOST}}/healthz\""
step: "Notices and branch" section=false
  prose "All three notice variants, then a decision callout."
  notice variant="info" message="This is an info notice — context, links and read-only remarks."
  notice variant="warn" message="This is a warning — a step that briefly stops writes, or a value to double-check."
  notice variant="danger" message="This is a danger notice — destructive. READ EVERY STEP BEFORE DOING ANYTHING."
  branch "- If the replica's IO thread is running, continue to the next step.\n- If it has stopped, rebuild from the nightly snapshot instead.\n- If neither, page the on-call DBA."
rollback: "Roll back the promotion" section=false
  prose "Rollback steps render after `---rollback`, in the danger styling and without a number."
  code lang="bash" label="Demote the node" body="mysql -h \"{{HOST}}\" -e \"SET GLOBAL read_only = ON;\""
rollback: "Confirm the rollback held" section=false
  prose "A second rollback step, so the spacing between consecutive danger cards is rendered and reviewable."
===== ../content/playground/writing-runbooks.md =====
intro:
  prose "This page is a runbook about writing runbooks. Read it, copy the patterns, then delete it."
step: "Where runbooks live" section=false
  prose "The filesystem is the taxonomy — there is no database and no CMS. A runbook is a Markdown file with YAML frontmatter:"
  code lang="text" label="Content layout" body="content/<system>/<category>/<file>.md"
  list ordered=false
    item "`<system>` becomes a top-level sidebar group (the directory name, title-cased)."
    item "`<category>` becomes a subheading under the system."
    item "A file directly under the system (`content/<system>/<file>.md`) has no subheading."
    item "The URL is `/<slug>`, and `slug` comes from frontmatter — not the filename."
  prose "Directory names map to display names and sidebar order in `parser/parser.go` (`systemLabels`, `systemOrder`, `categoryOrder`). Within a category, runbooks sort by the optional `order:` field, then by title. Content is read from disk at runtime, so edits need no rebuild — just refresh."
step: "Frontmatter" section=false
  prose "Only `title` and `slug` are required; everything else is optional."
  table headers=["Field" "What it does"]
    row ["`title`" "Sidebar label and `<h1>`."]
    row ["`slug`" "The URL, `/<slug>`."]
    row ["`order`" "Position within its category (lower first; absent sorts last)."]
    row ["`description`" "One-line summary under the `<h1>`."]
    row ["`symptoms`" "Extra keywords the index search matches."]
    row ["`common`" "`true` pins it into the \"Common issues\" shortlist."]
    row ["`notice`" "A passive banner above the body."]
    row ["`acknowledge`" "Marks the runbook destructive: the page is gated behind an \"I understand\" dialog until accepted (once per session)."]
    row ["`vars`" "Runtime inputs — see the next step."]
step: "Inputs with `vars`" section=false
  prose "`vars` render a panel of inputs. Each value substitutes into code blocks as a `{{TOKEN}}`, where the token is uppercase A–Z and underscore only:"
  code lang="bash" label="Use the inputs" body="ssh \"{{HOST}}\"\nsystemctl --user restart \"{{SERVICE}}\""
  list ordered=false
    item "Give the diagnostic lookup to a `hint` rather than a literal `<placeholder>` in the code — angle brackets inside a fence look like real syntax."
    item "Set `secret: true` to render a password field."
    item "Substitution happens in the browser, so values **never leave the page**."
step: "Steps, subheadings and prose" section=false
  prose "`## Heading` starts a numbered step. `### Heading` splits a long step without starting a new card. A step body takes ordinary Markdown: **bold**, *italic*, `inline code`, [links](https://example.com), bullet lists and tables."
  notice variant="info" message="Titles lead with the symptom, not the mechanism — a runbook is read under duress."
  prose "For a destructive runbook, don't rely on a banner: add `acknowledge:` and the reader must accept it before the page is usable."
  code lang="yaml" label="Frontmatter" body="acknowledge: \"This drops and rebuilds the replica. Take it out of the load balancer first.\""
step: "Code blocks and checkoffs" section=false
  prose "A fenced block takes a lowercase language tag and an optional bracketed label. The label renders a header with a per-block **done** checkbox, and a step ticks itself once all its blocks are ticked."
  code lang="sql" label="Inspect the target" body="SELECT id, state FROM information_schema.processlist WHERE user = '{{SERVICE}}';"
step: "Notices and decisions" section=false
  prose "Three notice variants carry different weight:"
  notice variant="info" message="Context, links and read-only remarks."
  notice variant="warn" message="A step that briefly stops writes, or a value to double-check."
  notice variant="danger" message="Destructive. READ EVERY STEP BEFORE DOING ANYTHING."
  prose "A branch callout lists the decisions a reader might make:"
  branch "- If the check passed, continue.\n- If it failed, rebuild instead.\n- If neither, page the on-call."
step: "Rollback" section=false
  prose "`---rollback` on its own line closes the numbered steps and starts a separate, danger-styled, unnumbered section. This page ends with one, so you can see the styling:"
  code lang="text" label="The marker" body="---rollback"
  prose "That is the whole format — delete this file, and any other content you don't need, from `content/` when you are done."
rollback: "Undo the example restart" section=false
  prose "Rollback steps are unnumbered and danger-styled. A real runbook puts the actual undo commands here."
  code lang="bash" label="Stop the example service" body="systemctl --user stop \"{{SERVICE}}\""
